in_source: |-
  number sum = 0;
  for(i,1,10){
    for (j, 1, 10){
      sum = sum + i*j;
    };
  }
  print(sum);
in_input: |-
out_output: 2025
out_code: |-
  [{"memory": 4096, "opcode": "ld", "first": "0", "second": "r1", "third": null},
   {"memory": 4097, "opcode": "st", "first": "r1", "second": "#100", "third": null},
   {"memory": 4098, "opcode": "st", "first": "1", "second": "#101", "third": null},
   {"memory": 4099, "opcode": "ld", "first": "#101", "second": "bx", "third": null},
   {"memory": 4100, "opcode": "cmp", "first": "bx", "second": "10", "third": null},
   {"memory": 4101, "opcode": "jnl", "first": 4116, "second": null, "third": null},
   {"memory": 4102, "opcode": "st", "first": "1", "second": "#102", "third": null},
   {"memory": 4103, "opcode": "ld", "first": "#102", "second": "bx", "third": null},
   {"memory": 4104, "opcode": "cmp", "first": "bx", "second": "10", "third": null},
   {"memory": 4105, "opcode": "jnl", "first": 4114, "second": null, "third": null},
   {"memory": 4106, "opcode": "ld", "first": "#101", "second": "bx", "third": null},
   {"memory": 4107, "opcode": "ld", "first": "#102", "second": "cx", "third": null},
   {"memory": 4108, "opcode": "mul", "first": "bx", "second": "cx", "third": "r1"},
   {"memory": 4109, "opcode": "ld", "first": "#100", "second": "bx", "third": null},
   {"memory": 4110, "opcode": "add", "first": "bx", "second": "r1", "third": "r1"},
   {"memory": 4111, "opcode": "st", "first": "r1", "second": "#100", "third": null},
   {"memory": 4112, "opcode": "inc", "first": "#102", "second": null, "third": null},
   {"memory": 4113, "opcode": "jmp", "first": 4103, "second": null, "third": null},
   {"memory": 4114, "opcode": "inc", "first": "#101", "second": null, "third": null},
   {"memory": 4115, "opcode": "jmp", "first": 4099, "second": null, "third": null},
   {"memory": 4116, "opcode": "ld", "first": "#100", "second": "r1", "third": null},
   {"memory": 4117, "opcode": "cmp", "first": "r1", "second": 0, "third": null},
   {"memory": 4118, "opcode": "jl", "first": 4129, "second": null, "third": null},
   {"memory": 4119, "opcode": "je", "first": 4124, "second": null, "third": null},
   {"memory": 4120, "opcode": "mod", "first": "r1", "second": 10, "third": "bx"},
   {"memory": 4121, "opcode": "div", "first": "r1", "second": 10, "third": "r1"},
   {"memory": 4122, "opcode": "push", "first": "bx", "second": null, "third": null},
   {"memory": 4123, "opcode": "jmp", "first": 4119, "second": null, "third": null},
   {"memory": 4124, "opcode": "cmp", "first": "sp", "second": 8191, "third": null},
   {"memory": 4125, "opcode": "je", "first": 4143, "second": null, "third": null},
   {"memory": 4126, "opcode": "pop", "first": "r1", "second": null, "third": null},
   {"memory": 4127, "opcode": "add", "first": "r1", "second": 48, "third": "r1"},
   {"memory": 4128, "opcode": "print", "first": "r1", "second": null, "third": null},
   {"memory": 4129, "opcode": "jmp", "first": 4124, "second": null, "third": null},
   {"memory": 4130, "opcode": "mul", "first": "r1", "second": -1, "third": "r1"},
   {"memory": 4131, "opcode": "je", "first": 4136, "second": null, "third": null},
   {"memory": 4132, "opcode": "mod", "first": "r1", "second": 10, "third": "bx"},
   {"memory": 4133, "opcode": "div", "first": "r1", "second": 10, "third": "r1"},
   {"memory": 4134, "opcode": "push", "first": "bx", "second": null, "third": null},
   {"memory": 4135, "opcode": "jmp", "first": 4131, "second": null, "third": null},
   {"memory": 4136, "opcode": "print", "first": "-", "second": null, "third": null},
   {"memory": 4137, "opcode": "cmp", "first": "sp", "second": 8191, "third": null},
   {"memory": 4138, "opcode": "je", "first": 4143, "second": null, "third": null},
   {"memory": 4139, "opcode": "pop", "first": "r1", "second": null, "third": null},
   {"memory": 4140, "opcode": "add", "first": "r1", "second": 48, "third": "r1"},
   {"memory": 4141, "opcode": "print", "first": "r1", "second": null, "third": null},
   {"memory": 4142, "opcode": "jmp", "first": 4137, "second": null, "third": null},
   {"memory": 4143, "opcode": "hlt", "first": null, "second": null, "third": null}]