in_source: |-
  number a = 1;
  number b = 1;
  number sum = 0;
  while (b < 4000000){
       if (b % 2 == 0){
          sum = sum + b;
       }
       b = a + b;
       a = b - a;
  }
  print(sum);
in_input: |-
out_output: 4613732
out_code: |-
  [{"memory": 4096, "opcode": "ld", "first": "1", "second": "r1", "third": null},
   {"memory": 4097, "opcode": "st", "first": "r1", "second": "#100", "third": null},
   {"memory": 4098, "opcode": "ld", "first": "1", "second": "r1", "third": null},
   {"memory": 4099, "opcode": "st", "first": "r1", "second": "#101", "third": null},
   {"memory": 4100, "opcode": "ld", "first": "0", "second": "r1", "third": null},
   {"memory": 4101, "opcode": "st", "first": "r1", "second": "#102", "third": null},
   {"memory": 4102, "opcode": "ld", "first": "#101", "second": "r1", "third": null},
   {"memory": 4103, "opcode": "ld", "first": "4000000", "second": "r2", "third": null},
   {"memory": 4104, "opcode": "cmp", "first": "r1", "second": "r2", "third": null},
   {"memory": 4105, "opcode": "jl", "first": 4107, "second": null, "third": null},
   {"memory": 4106, "opcode": "jmp", "first": 4126, "second": null, "third": null},
   {"memory": 4107, "opcode": "ld", "first": "#101", "second": "bx", "third": null},
   {"memory": 4108, "opcode": "mod", "first": "bx", "second": "2", "third": "r1"},
   {"memory": 4109, "opcode": "ld", "first": "0", "second": "r2", "third": null},
   {"memory": 4110, "opcode": "cmp", "first": "r1", "second": "r2", "third": null},
   {"memory": 4111, "opcode": "je", "first": 4113, "second": null, "third": null},
   {"memory": 4112, "opcode": "jmp", "first": 4117, "second": null, "third": null},
   {"memory": 4113, "opcode": "ld", "first": "#102", "second": "bx", "third": null},
   {"memory": 4114, "opcode": "ld", "first": "#101", "second": "cx", "third": null},
   {"memory": 4115, "opcode": "add", "first": "bx", "second": "cx", "third": "r1"},
   {"memory": 4116, "opcode": "st", "first": "r1", "second": "#102", "third": null},
   {"memory": 4117, "opcode": "ld", "first": "#100", "second": "bx", "third": null},
   {"memory": 4118, "opcode": "ld", "first": "#101", "second": "cx", "third": null},
   {"memory": 4119, "opcode": "add", "first": "bx", "second": "cx", "third": "r1"},
   {"memory": 4120, "opcode": "st", "first": "r1", "second": "#101", "third": null},
   {"memory": 4121, "opcode": "ld", "first": "#101", "second": "bx", "third": null},
   {"memory": 4122, "opcode": "ld", "first": "#100", "second": "cx", "third": null},
   {"memory": 4123, "opcode": "sub", "first": "bx", "second": "cx", "third": "r1"},
   {"memory": 4124, "opcode": "st", "first": "r1", "second": "#100", "third": null},
   {"memory": 4125, "opcode": "jmp", "first": 4102, "second": null, "third": null},
   {"memory": 4126, "opcode": "ld", "first": "#102", "second": "r1", "third": null},
   {"memory": 4127, "opcode": "cmp", "first": "r1", "second": 0, "third": null},
   {"memory": 4128, "opcode": "jl", "first": 4139, "second": null, "third": null},
   {"memory": 4129, "opcode": "je", "first": 4134, "second": null, "third": null},
   {"memory": 4130, "opcode": "mod", "first": "r1", "second": 10, "third": "bx"},
   {"memory": 4131, "opcode": "div", "first": "r1", "second": 10, "third": "r1"},
   {"memory": 4132, "opcode": "push", "first": "bx", "second": null, "third": null},
   {"memory": 4133, "opcode": "jmp", "first": 4129, "second": null, "third": null},
   {"memory": 4134, "opcode": "cmp", "first": "sp", "second": 8191, "third": null},
   {"memory": 4135, "opcode": "je", "first": 4153, "second": null, "third": null},
   {"memory": 4136, "opcode": "pop", "first": "r1", "second": null, "third": null},
   {"memory": 4137, "opcode": "add", "first": "r1", "second": 48, "third": "r1"},
   {"memory": 4138, "opcode": "print", "first": "r1", "second": null, "third": null},
   {"memory": 4139, "opcode": "jmp", "first": 4134, "second": null, "third": null},
   {"memory": 4140, "opcode": "mul", "first": "r1", "second": -1, "third": "r1"},
   {"memory": 4141, "opcode": "je", "first": 4146, "second": null, "third": null},
   {"memory": 4142, "opcode": "mod", "first": "r1", "second": 10, "third": "bx"},
   {"memory": 4143, "opcode": "div", "first": "r1", "second": 10, "third": "r1"},
   {"memory": 4144, "opcode": "push", "first": "bx", "second": null, "third": null},
   {"memory": 4145, "opcode": "jmp", "first": 4141, "second": null, "third": null},
   {"memory": 4146, "opcode": "print", "first": "-", "second": null, "third": null},
   {"memory": 4147, "opcode": "cmp", "first": "sp", "second": 8191, "third": null},
   {"memory": 4148, "opcode": "je", "first": 4153, "second": null, "third": null},
   {"memory": 4149, "opcode": "pop", "first": "r1", "second": null, "third": null},
   {"memory": 4150, "opcode": "add", "first": "r1", "second": 48, "third": "r1"},
   {"memory": 4151, "opcode": "print", "first": "r1", "second": null, "third": null},
   {"memory": 4152, "opcode": "jmp", "first": 4147, "second": null, "third": null},
   {"memory": 4153, "opcode": "hlt", "first": null, "second": null, "third": null}]