in_source: |-
  string name = read(20);
  print("Hello, ");
  print(name);
in_input: |-
out_output: Hello, world!!
out_code: |-
  [{"memory": 4096, "opcode": "print", "first": "H", "second": null, "third": null},
   {"memory": 4097, "opcode": "print", "first": "e", "second": null, "third": null},
   {"memory": 4098, "opcode": "print", "first": "l", "second": null, "third": null},
   {"memory": 4099, "opcode": "print", "first": "l", "second": null, "third": null},
   {"memory": 4100, "opcode": "print", "first": "o", "second": null, "third": null},
   {"memory": 4101, "opcode": "print", "first": ",", "second": null, "third": null},
   {"memory": 4102, "opcode": "print", "first": " ", "second": null, "third": null},
   {"memory": 4103, "opcode": "print", "first": "w", "second": null, "third": null},
   {"memory": 4104, "opcode": "print", "first": "o", "second": null, "third": null},
   {"memory": 4105, "opcode": "print", "first": "r", "second": null, "third": null},
   {"memory": 4106, "opcode": "print", "first": "l", "second": null, "third": null},
   {"memory": 4107, "opcode": "print", "first": "d", "second": null, "third": null},
   {"memory": 4108, "opcode": "print", "first": "!", "second": null, "third": null},
   {"memory": 4109, "opcode": "print", "first": "!", "second": null, "third": null},
   {"memory": 4110, "opcode": "hlt", "first": null, "second": null, "third": null}]